{
  "rows": 16463760,
  "db_file_size_bytes": 2733006848,
  "wall_time_s": 1202.5,
  "peak_rss_gb": 4.89,
  "start_rss_gb": 0.44,
  "phases": {
    "load_transactions": {
      "start_rss_gb": 0.44,
      "peak_rss_gb": 1.96,
      "end_rss_gb": 1.73,
      "wall_time_s": 1.1
    },
    "transaction_lookups": {
      "start_rss_gb": 1.73,
      "peak_rss_gb": 1.83,
      "end_rss_gb": 1.77,
      "wall_time_s": 0.1
    },
    "top12_eligibility": {
      "start_rss_gb": 1.77,
      "peak_rss_gb": 3.34,
      "end_rss_gb": 2.92,
      "wall_time_s": 2.2
    },
    "strategy_provenance": {
      "start_rss_gb": 2.92,
      "peak_rss_gb": 4.86,
      "end_rss_gb": 2.16,
      "wall_time_s": 17.6
    },
    "enrich_strategies": {
      "start_rss_gb": 2.16,
      "peak_rss_gb": 4.82,
      "end_rss_gb": 3.7,
      "wall_time_s": 4.2
    },
    "selected_flag": {
      "start_rss_gb": 3.7,
      "peak_rss_gb": 3.99,
      "end_rss_gb": 3.92,
      "wall_time_s": 3.2
    },
    "sqlite_insert": {
      "start_rss_gb": 3.92,
      "peak_rss_gb": 4.25,
      "end_rss_gb": 2.18,
      "wall_time_s": 1111.2
    },
    "sqlite_finalize": {
      "start_rss_gb": 2.18,
      "peak_rss_gb": 2.19,
      "end_rss_gb": 2.18,
      "wall_time_s": 62.9
    }
  }
}
build_offer_store: peak_rss_gb=4.89 within guard
