23:48:02.328 | INFO    | prefect - Starting temporary server on http://127.0.0.1:8817
See https://docs.prefect.io/v3/concepts/server#how-to-guides for more information on running a dedicated Prefect server.
23:48:07.938 | INFO    | Flow run 'acoustic-tody' - Beginning flow run 'acoustic-tody' for flow 'train_flow'
23:48:14.929 | INFO    | Task run 'validate_and_convert_raw-704' - convert_raw_to_parquet: {'transactions_train': {'raw_bytes': 3488002253, 'parquet_bytes': 453911982}, 'articles': {'raw_bytes': 36127865, 'parquet_bytes': 3607890}, 'customers': {'raw_bytes': 207135859, 'parquet_bytes': 92186306}, 'sample_submission': {'raw_bytes': 270280083, 'parquet_bytes': 46730121}}
23:48:14.932 | INFO    | Task run 'validate_and_convert_raw-704' - Finished in state Completed()
00:07:47.711 | INFO    | Task run 'generate_training_candidates-67f' - generate_training_candidates: {'windows': [{'window_start': '2020-08-19', 'n_chunks': 35, 'wall_time_s': 258.9, 'peak_rss_gb': 4.49, 'totals': {'repurchase': 10371345, 'colour_variant': 22011685, 'recent_popularity': 27439600, 'segment_popularity': 27439600, 'als': 40041390, 'pooled': 107166442}}, {'window_start': '2020-08-26', 'n_chunks': 35, 'wall_time_s': 306.3, 'peak_rss_gb': 4.5, 'totals': {'repurchase': 10379500, 'colour_variant': 22019733, 'recent_popularity': 27439600, 'segment_popularity': 27439600, 'als': 40189800, 'pooled': 106231185}}, {'window_start': '2020-09-02', 'n_chunks': 35, 'wall_time_s': 303.2, 'peak_rss_gb': 4.48, 'totals': {'repurchase': 10408285, 'colour_variant': 22063862, 'recent_popularity': 27439600, 'segment_popularity': 27439600, 'als': 40368000, 'pooled': 105307974}}, {'window_start': '2020-09-09', 'n_chunks': 35, 'wall_time_s': 294.5, 'peak_rss_gb': 4.55, 'totals': {'repurchase': 10414086, 'colour_variant': 22075278, 'recent_popularity': 27439600, 'segment_popularity': 27439600, 'als': 40539420, 'pooled': 106092152}}]}
00:07:47.715 | INFO    | Task run 'generate_training_candidates-67f' - Finished in state Completed()
  0%|          | 0/15 [00:00<?, ?it/s]  7%|6         | 1/15 [00:02<00:30,  2.17s/it] 13%|#3        | 2/15 [00:04<00:28,  2.18s/it] 20%|##        | 3/15 [00:06<00:26,  2.20s/it] 27%|##6       | 4/15 [00:08<00:24,  2.21s/it] 33%|###3      | 5/15 [00:10<00:22,  2.20s/it] 40%|####      | 6/15 [00:13<00:19,  2.20s/it] 47%|####6     | 7/15 [00:15<00:17,  2.21s/it] 53%|#####3    | 8/15 [00:17<00:15,  2.20s/it] 60%|######    | 9/15 [00:19<00:13,  2.20s/it] 67%|######6   | 10/15 [00:22<00:10,  2.20s/it] 73%|#######3  | 11/15 [00:24<00:08,  2.20s/it] 80%|########  | 12/15 [00:26<00:06,  2.20s/it] 87%|########6 | 13/15 [00:28<00:04,  2.21s/it] 93%|#########3| 14/15 [00:30<00:02,  2.20s/it]100%|##########| 15/15 [00:33<00:00,  2.20s/it]100%|##########| 15/15 [00:33<00:00,  2.20s/it]
00:12:05.542 | INFO    | Task run 'generate_validation_candidates-634' - generate_validation_candidates: wall_time_s=257.5 peak_rss_gb=4.85
00:12:05.553 | INFO    | Task run 'generate_validation_candidates-634' - Finished in state Completed()
00:14:48.344 | INFO    | Task run 'evaluate_training_candidates_recall-79a' - evaluate_training_candidates_recall: [{'window_start': '2020-08-19', 'window_end': '2020-08-25', 'true_pairs': 230825, 'pool_recall_at_100': 0.09548359146539587, 'wall_time_s': 40.6, 'peak_rss_gb': 3.28}, {'window_start': '2020-08-26', 'window_end': '2020-09-01', 'true_pairs': 255172, 'pool_recall_at_100': 0.09575110121800197, 'wall_time_s': 41.2, 'peak_rss_gb': 2.99}, {'window_start': '2020-09-02', 'window_end': '2020-09-08', 'true_pairs': 238074, 'pool_recall_at_100': 0.09734368305652864, 'wall_time_s': 39.9, 'peak_rss_gb': 3.06}, {'window_start': '2020-09-09', 'window_end': '2020-09-15', 'true_pairs': 227910, 'pool_recall_at_100': 0.09450660348383133, 'wall_time_s': 39.7, 'peak_rss_gb': 3.1}]
00:14:48.348 | INFO    | Task run 'evaluate_training_candidates_recall-79a' - Finished in state Completed()
00:15:28.776 | INFO    | Task run 'evaluate_validation_candidates_recall-bc3' - evaluate_validation_candidates_recall: wall_time_s=40.0 peak_rss_gb=3.07
00:15:28.779 | INFO    | Task run 'evaluate_validation_candidates_recall-bc3' - Finished in state Completed()
00:39:41.769 | INFO    | Task run 'build_training_labels_and_features-22a' - build_training_labels_and_features: wall_time_s=1453.0 peak_rss_gb=4.63
00:39:41.773 | INFO    | Task run 'build_training_labels_and_features-22a' - Finished in state Completed()
00:47:59.026 | INFO    | Task run 'build_validation_features-7a3' - build_validation_features: wall_time_s=497.2 peak_rss_gb=4.2
00:47:59.030 | INFO    | Task run 'build_validation_features-7a3' - Finished in state Completed()
<repo>\.venv\Lib\site-packages\lightgbm\sklearn.py:1106: LGBMDeprecationWarning: The argument 'eval_set' is deprecated, use 'eval_X' and 'eval_y' instead.
  eval_set = _validate_eval_set_Xy(eval_set=eval_set, eval_X=eval_X, eval_y=eval_y)
2026/10/02 00:49:09 WARNING mlflow.utils.requirements_utils: Found torch version (2.14.0+cpu) contains a local version label (+cpu). MLflow logged a pip requirement for this package as 'torch==2.14.0' without the local version label to make it installable from PyPI. To specify pip requirements containing local version labels, please use `conda_env` or `pip_requirements`.
<repo>\.venv\Lib\site-packages\lightgbm\sklearn.py:1106: LGBMDeprecationWarning: The argument 'eval_set' is deprecated, use 'eval_X' and 'eval_y' instead.
  eval_set = _validate_eval_set_Xy(eval_set=eval_set, eval_X=eval_X, eval_y=eval_y)
2026/10/02 00:49:34 WARNING mlflow.utils.requirements_utils: Found torch version (2.14.0+cpu) contains a local version label (+cpu). MLflow logged a pip requirement for this package as 'torch==2.14.0' without the local version label to make it installable from PyPI. To specify pip requirements containing local version labels, please use `conda_env` or `pip_requirements`.
00:49:34.860 | INFO    | Task run 'train_ranker_and_classifier-a7f' - train_ranker_and_classifier: wall_time_s=95.7 peak_rss_gb=3.07
00:49:34.864 | INFO    | Task run 'train_ranker_and_classifier-a7f' - Finished in state Completed()
01:02:05.268 | INFO    | Task run 'score_validation_candidates_for_calibration-5b1' - score_validation_candidates_for_calibration: wall_time_s=750.4 peak_rss_gb=2.03
01:02:05.273 | INFO    | Task run 'score_validation_candidates_for_calibration-5b1' - Finished in state Completed()
01:02:13.319 | INFO    | Task run 'calibrate_classifier-878' - calibrate_classifier: {'fit_rows': 21052210, 'eval_rows': 21076100, 'mean_raw_probability_full_pool': 0.07233162959632124, 'observed_positive_rate_full_pool': 0.00020513391517628139, 'eval_base_rate': 0.00019818657151939874, 'raw_brier': 0.011997194960713387, 'calibrated_brier': 0.0001977429201360792, 'constant_brier': 0.00019814729360226812, 'raw_brier_skill_score': -59.54685250859292, 'calibrated_brier_skill_score': 0.002040772088467868, 'reliability_table': [{'bin': 0, 'n': 2107610, 'predicted_mean': 0.0, 'observed_rate': 0.0}, {'bin': 1, 'n': 2107610, 'predicted_mean': 1.5395212358271237e-06, 'observed_rate': 9.489421667196492e-07}, {'bin': 2, 'n': 2107610, 'predicted_mean': 9.096026587940287e-06, 'observed_rate': 1.3759661417434914e-05}, {'bin': 3, 'n': 2107610, 'predicted_mean': 4.855593215324916e-05, 'observed_rate': 4.649816616926281e-05}, {'bin': 4, 'n': 2107610, 'predicted_mean': 0.00010598845256026834, 'observed_rate': 9.726657208876406e-05}, {'bin': 5, 'n': 2107610, 'predicted_mean': 0.0001447138492949307, 'observed_rate': 0.00012573483709035354}, {'bin': 6, 'n': 2107610, 'predicted_mean': 0.00015586832887493074, 'observed_rate': 0.00014708603584154563}, {'bin': 7, 'n': 2107610, 'predicted_mean': 0.00020872516324743629, 'observed_rate': 0.0002196801115955988}, {'bin': 8, 'n': 2107610, 'predicted_mean': 0.00028747422038577497, 'observed_rate': 0.0002642803934314223}, {'bin': 9, 'n': 2107610, 'predicted_mean': 0.0011394430184736848, 'observed_rate': 0.0010666109953928857}], 'classifier_run_id': '6b322c05c2324ac6a81a8a7d08362fa4'}
01:02:13.324 | INFO    | Task run 'calibrate_classifier-878' - Finished in state Completed()
01:13:21.952 | INFO    | Task run 'score_validation_ranker-8d5' - score_validation_ranker: wall_time_s=668.6 peak_rss_gb=1.59
01:13:21.954 | INFO    | Task run 'score_validation_ranker-8d5' - Finished in state Completed()
01:13:37.867 | INFO    | Task run 'evaluate_validation_map12-30b' - evaluate_validation_map12: wall_time_s=14.9 peak_rss_gb=4.44
01:13:37.870 | INFO    | Task run 'evaluate_validation_map12-30b' - Finished in state Completed()
01:13:38.962 | INFO    | Flow run 'acoustic-tody' - Finished in state Completed()
{
  "conversion": {
    "transactions_train": {
      "raw_bytes": 3488002253,
      "parquet_bytes": 453911982
    },
    "articles": {
      "raw_bytes": 36127865,
      "parquet_bytes": 3607890
    },
    "customers": {
      "raw_bytes": 207135859,
      "parquet_bytes": 92186306
    },
    "sample_submission": {
      "raw_bytes": 270280083,
      "parquet_bytes": 46730121
    }
  },
  "training_candidates": {
    "windows": [
      {
        "window_start": "2020-08-19",
        "n_chunks": 35,
        "wall_time_s": 258.9,
        "peak_rss_gb": 4.49,
        "totals": {
          "repurchase": 10371345,
          "colour_variant": 22011685,
          "recent_popularity": 27439600,
          "segment_popularity": 27439600,
          "als": 40041390,
          "pooled": 107166442
        }
      },
      {
        "window_start": "2020-08-26",
        "n_chunks": 35,
        "wall_time_s": 306.3,
        "peak_rss_gb": 4.5,
        "totals": {
          "repurchase": 10379500,
          "colour_variant": 22019733,
          "recent_popularity": 27439600,
          "segment_popularity": 27439600,
          "als": 40189800,
          "pooled": 106231185
        }
      },
      {
        "window_start": "2020-09-02",
        "n_chunks": 35,
        "wall_time_s": 303.2,
        "peak_rss_gb": 4.48,
        "totals": {
          "repurchase": 10408285,
          "colour_variant": 22063862,
          "recent_popularity": 27439600,
          "segment_popularity": 27439600,
          "als": 40368000,
          "pooled": 105307974
        }
      },
      {
        "window_start": "2020-09-09",
        "n_chunks": 35,
        "wall_time_s": 294.5,
        "peak_rss_gb": 4.55,
        "totals": {
          "repurchase": 10414086,
          "colour_variant": 22075278,
          "recent_popularity": 27439600,
          "segment_popularity": 27439600,
          "als": 40539420,
          "pooled": 106092152
        }
      }
    ]
  },
  "validation_candidates": {
    "window_start": "2020-09-16",
    "chunk_size": 40000,
    "als_random_state": 42,
    "n_chunks": 35,
    "wall_time_s": 257.5,
    "peak_rss_gb": 4.85,
    "totals": {
      "repurchase": 10420276,
      "colour_variant": 22079574,
      "recent_popularity": 27439600,
      "segment_popularity": 27439600,
      "als": 40701270,
      "pooled": 105365317
    },
    "chunk_reports": [
      {
        "chunk_idx": 0,
        "n_customers": 40000,
        "rows_repurchase": 305207,
        "rows_colour_variant": 644569,
        "rows_recent_popularity": 800000,
        "rows_segment_popularity": 800000,
        "rows_als": 1187190,
        "rows_pooled": 3074263
      },
      {
        "chunk_idx": 1,
        "n_customers": 40000,
        "rows_repurchase": 302847,
        "rows_colour_variant": 640085,
        "rows_recent_popularity": 800000,
        "rows_segment_popularity": 800000,
        "rows_als": 1186680,
        "rows_pooled": 3067146
      },
      {
        "chunk_idx": 2,
        "n_customers": 40000,
        "rows_repurchase": 304980,
        "rows_colour_variant": 644378,
        "rows_recent_popularity": 800000,
        "rows_segment_popularity": 800000,
        "rows_als": 1186560,
        "rows_pooled": 3073198
      },
      {
        "chunk_idx": 3,
        "n_customers": 40000,
        "rows_repurchase": 305507,
        "rows_colour_variant": 645218,
        "rows_recent_popularity": 800000,
        "rows_segment_popularity": 800000,
        "rows_als": 1187640,
        "rows_pooled": 3076010
      },
      {
        "chunk_idx": 4,
        "n_customers": 40000,
        "rows_repurchase": 303987,
        "rows_colour_variant": 641918,
        "rows_recent_popularity": 800000,
        "rows_segment_popularity": 800000,
        "rows_als": 1186140,
        "rows_pooled": 3069980
      },
      {
        "chunk_idx": 5,
        "n_customers": 40000,
        "rows_repurchase": 304459,
        "rows_colour_variant": 646297,
        "rows_recent_popularity": 800000,
        "rows_segment_popularity": 800000,
        "rows_als": 1186200,
        "rows_pooled": 3074759
      },
      {
        "chunk_idx": 6,
        "n_customers": 40000,
        "rows_repurchase": 307585,
        "rows_colour_variant": 650376,
        "rows_recent_popularity": 800000,
        "rows_segment_popularity": 800000,
        "rows_als": 1187490,
        "rows_pooled": 3081519
      },
      {
        "chunk_idx": 7,
        "n_customers": 40000,
        "rows_repurchase": 301219,
        "rows_colour_variant": 644206,
        "rows_recent_popularity": 800000,
        "rows_segment_popularity": 800000,
        "rows_als": 1187280,
        "rows_pooled": 3071233
      },
      {
        "chunk_idx": 8,
        "n_customers": 40000,
        "rows_repurchase": 300064,
        "rows_colour_variant": 641329,
        "rows_recent_popularity": 800000,
        "rows_segment_popularity": 800000,
        "rows_als": 1185810,
        "rows_pooled": 3067023
      },
      {
        "chunk_idx": 9,
        "n_customers": 40000,
        "rows_repurchase": 303866,
        "rows_colour_variant": 645214,
        "rows_recent_popularity": 800000,
        "rows_segment_popularity": 800000,
        "rows_als": 1186350,
        "rows_pooled": 3072255
      },
      {
        "chunk_idx": 10,
        "n_customers": 40000,
        "rows_repurchase": 303938,
        "rows_colour_variant": 645396,
        "rows_recent_popularity": 800000,
        "rows_segment_popularity": 800000,
        "rows_als": 1187040,
        "rows_pooled": 3073748
      },
      {
        "chunk_idx": 11,
        "n_customers": 40000,
        "rows_repurchase": 305222,
        "rows_colour_variant": 645576,
        "rows_recent_popularity": 800000,
        "rows_segment_popularity": 800000,
        "rows_als": 1187250,
        "rows_pooled": 3074622
      },
      {
        "chunk_idx": 12,
        "n_customers": 40000,
        "rows_repurchase": 303164,
        "rows_colour_variant": 642260,
        "rows_recent_popularity": 800000,
        "rows_segment_popularity": 800000,
        "rows_als": 1185420,
        "rows_pooled": 3068450
      },
      {
        "chunk_idx": 13,
        "n_customers": 40000,
        "rows_repurchase": 302521,
        "rows_colour_variant": 641743,
        "rows_recent_popularity": 800000,
        "rows_segment_popularity": 800000,
        "rows_als": 1187010,
        "rows_pooled": 3069269
      },
      {
        "chunk_idx": 14,
        "n_customers": 40000,
        "rows_repurchase": 303363,
        "rows_colour_variant": 640154,
        "rows_recent_popularity": 800000,
        "rows_segment_popularity": 800000,
        "rows_als": 1186890,
        "rows_pooled": 3068431
      },
      {
        "chunk_idx": 15,
        "n_customers": 40000,
        "rows_repurchase": 303713,
        "rows_colour_variant": 643937,
        "rows_recent_popularity": 800000,
        "rows_segment_popularity": 800000,
        "rows_als": 1187970,
        "rows_pooled": 3074231
      },
      {
        "chunk_idx": 16,
        "n_customers": 40000,
        "rows_repurchase": 306950,
        "rows_colour_variant": 643494,
        "rows_recent_popularity": 800000,
        "rows_segment_popularity": 800000,
        "rows_als": 1186200,
        "rows_pooled": 3072734
      },
      {
        "chunk_idx": 17,
        "n_customers": 40000,
        "rows_repurchase": 301429,
        "rows_colour_variant": 640378,
        "rows_recent_popularity": 800000,
        "rows_segment_popularity": 800000,
        "rows_als": 1185360,
        "rows_pooled": 3067121
      },
      {
        "chunk_idx": 18,
        "n_customers": 40000,
        "rows_repurchase": 304936,
        "rows_colour_variant": 646190,
        "rows_recent_popularity": 800000,
        "rows_segment_popularity": 800000,
        "rows_als": 1186620,
        "rows_pooled": 3074773
      },
      {
        "chunk_idx": 19,
        "n_customers": 40000,
        "rows_repurchase": 306766,
        "rows_colour_variant": 647528,
        "rows_recent_popularity": 800000,
        "rows_segment_popularity": 800000,
        "rows_als": 1186080,
        "rows_pooled": 3077696
      },
      {
        "chunk_idx": 20,
        "n_customers": 40000,
        "rows_repurchase": 305375,
        "rows_colour_variant": 643820,
        "rows_recent_popularity": 800000,
        "rows_segment_popularity": 800000,
        "rows_als": 1187220,
        "rows_pooled": 3073591
      },
      {
        "chunk_idx": 21,
        "n_customers": 40000,
        "rows_repurchase": 304512,
        "rows_colour_variant": 643904,
        "rows_recent_popularity": 800000,
        "rows_segment_popularity": 800000,
        "rows_als": 1186710,
        "rows_pooled": 3072373
      },
      {
        "chunk_idx": 22,
        "n_customers": 40000,
        "rows_repurchase": 300161,
        "rows_colour_variant": 638576,
        "rows_recent_popularity": 800000,
        "rows_segment_popularity": 800000,
        "rows_als": 1186410,
        "rows_pooled": 3064743
      },
      {
        "chunk_idx": 23,
        "n_customers": 40000,
        "rows_repurchase": 302936,
        "rows_colour_variant": 642143,
        "rows_recent_popularity": 800000,
        "rows_segment_popularity": 800000,
        "rows_als": 1187160,
        "rows_pooled": 3070829
      },
      {
        "chunk_idx": 24,
        "n_customers": 40000,
        "rows_repurchase": 306851,
        "rows_colour_variant": 646254,
        "rows_recent_popularity": 800000,
        "rows_segment_popularity": 800000,
        "rows_als": 1187370,
        "rows_pooled": 3076775
      },
      {
        "chunk_idx": 25,
        "n_customers": 40000,
        "rows_repurchase": 304886,
        "rows_colour_variant": 644969,
        "rows_recent_popularity": 800000,
        "rows_segment_popularity": 800000,
        "rows_als": 1186140,
        "rows_pooled": 3072770
      },
      {
        "chunk_idx": 26,
        "n_customers": 40000,
        "rows_repurchase": 302890,
        "rows_colour_variant": 646163,
        "rows_recent_popularity": 800000,
        "rows_segment_popularity": 800000,
        "rows_als": 1186920,
        "rows_pooled": 3073425
      },
      {
        "chunk_idx": 27,
        "n_customers": 40000,
        "rows_repurchase": 301297,
        "rows_colour_variant": 641659,
        "rows_recent_popularity": 800000,
        "rows_segment_popularity": 800000,
        "rows_als": 1186170,
        "rows_pooled": 3068061
      },
      {
        "chunk_idx": 28,
        "n_customers": 40000,
        "rows_repurchase": 301602,
        "rows_colour_variant": 642732,
        "rows_recent_popularity": 800000,
        "rows_segment_popularity": 800000,
        "rows_als": 1186500,
        "rows_pooled": 3068885
      },
      {
        "chunk_idx": 29,
        "n_customers": 40000,
        "rows_repurchase": 302101,
        "rows_colour_variant": 639598,
        "rows_recent_popularity": 800000,
        "rows_segment_popularity": 800000,
        "rows_als": 1186320,
        "rows_pooled": 3066236
      },
      {
        "chunk_idx": 30,
        "n_customers": 40000,
        "rows_repurchase": 301850,
        "rows_colour_variant": 641310,
        "rows_recent_popularity": 800000,
        "rows_segment_popularity": 800000,
        "rows_als": 1185480,
        "rows_pooled": 3067728
      },
      {
        "chunk_idx": 31,
        "n_customers": 40000,
        "rows_repurchase": 303797,
        "rows_colour_variant": 644560,
        "rows_recent_popularity": 800000,
        "rows_segment_popularity": 800000,
        "rows_als": 1186200,
        "rows_pooled": 3072571
      },
      {
        "chunk_idx": 32,
        "n_customers": 40000,
        "rows_repurchase": 303096,
        "rows_colour_variant": 642487,
        "rows_recent_popularity": 800000,
        "rows_segment_popularity": 800000,
        "rows_als": 1186170,
        "rows_pooled": 3070639
      },
      {
        "chunk_idx": 33,
        "n_customers": 40000,
        "rows_repurchase": 304128,
        "rows_colour_variant": 646071,
        "rows_recent_popularity": 800000,
        "rows_segment_popularity": 800000,
        "rows_als": 1187310,
        "rows_pooled": 3074638
      },
      {
        "chunk_idx": 34,
        "n_customers": 11980,
        "rows_repurchase": 93071,
        "rows_colour_variant": 195082,
        "rows_recent_popularity": 239600,
        "rows_segment_popularity": 239600,
        "rows_als": 356010,
        "rows_pooled": 923592
      }
    ]
  },
  "training_recall": [
    {
      "window_start": "2020-08-19",
      "window_end": "2020-08-25",
      "true_pairs": 230825,
      "pool_recall_at_100": 0.09548359146539587,
      "wall_time_s": 40.6,
      "peak_rss_gb": 3.28
    },
    {
      "window_start": "2020-08-26",
      "window_end": "2020-09-01",
      "true_pairs": 255172,
      "pool_recall_at_100": 0.09575110121800197,
      "wall_time_s": 41.2,
      "peak_rss_gb": 2.99
    },
    {
      "window_start": "2020-09-02",
      "window_end": "2020-09-08",
      "true_pairs": 238074,
      "pool_recall_at_100": 0.09734368305652864,
      "wall_time_s": 39.9,
      "peak_rss_gb": 3.06
    },
    {
      "window_start": "2020-09-09",
      "window_end": "2020-09-15",
      "true_pairs": 227910,
      "pool_recall_at_100": 0.09450660348383133,
      "wall_time_s": 39.7,
      "peak_rss_gb": 3.1
    }
  ],
  "validation_recall": {
    "window_start": "2020-09-16",
    "window_end": "2020-09-22",
    "true_pairs": 213728,
    "pool_recall_at_100": 0.10112853720616859,
    "per_strategy": [
      {
        "strategy": "repurchase",
        "recall_at_100": 0.032995208863602334,
        "marginal_contribution": 0.026089234915406503
      },
      {
        "strategy": "colour_variant",
        "recall_at_100": 0.02111562359634676,
        "marginal_contribution": 0.013512501871537658
      },
      {
        "strategy": "recent_popularity",
        "recall_at_100": 0.03388418924988771,
        "marginal_contribution": 0.007453398712382098
      },
      {
        "strategy": "segment_popularity",
        "recall_at_100": 0.03592884413834407,
        "marginal_contribution": 0.009039526875280729
      },
      {
        "strategy": "als",
        "recall_at_100": 0.014223686180565954,
        "marginal_contribution": 0.011187116334780658
      }
    ],
    "per_recency_bucket": [
      {
        "recency_bucket": "last 1 week",
        "true_pairs": 37546,
        "recall_at_100": 0.18523943962073192
      },
      {
        "recency_bucket": "last 4 weeks",
        "true_pairs": 56771,
        "recall_at_100": 0.10589913864473058
      },
      {
        "recency_bucket": "last 12 weeks",
        "true_pairs": 57893,
        "recall_at_100": 0.08025149845404453
      },
      {
        "recency_bucket": "last 52 weeks",
        "true_pairs": 38767,
        "recall_at_100": 0.07671473160161993
      },
      {
        "recency_bucket": "more than 52 weeks ago",
        "true_pairs": 6536,
        "recall_at_100": 0.057833537331701344
      },
      {
        "recency_bucket": "never",
        "true_pairs": 16215,
        "recall_at_100": 0.040024668516805424
      }
    ],
    "wall_time_s": 40.0,
    "peak_rss_gb": 3.07
  },
  "training_features": {
    "windows": [
      "2020-08-19",
      "2020-08-26",
      "2020-09-02",
      "2020-09-09"
    ],
    "row_count": 1002471,
    "positive_rate": 0.090962,
    "distinct_customers": 63229,
    "feature_column_count": 51,
    "wall_time_s": 1453.0,
    "peak_rss_gb": 4.63,
    "label_reports": [
      {
        "window_start": "2020-08-19",
        "partition": "part-0000.parquet",
        "rows": 6930,
        "wall_time_s": 0.4,
        "peak_rss_gb": 1.54
      },
      {
        "window_start": "2020-08-19",
        "partition": "part-0001.parquet",
        "rows": 7095,
        "wall_time_s": 0.4,
        "peak_rss_gb": 1.65
      },
      {
        "window_start": "2020-08-19",
        "partition": "part-0002.parquet",
        "rows": 7283,
        "wall_time_s": 0.4,
        "peak_rss_gb": 1.69
      },
      {
        "window_start": "2020-08-19",
        "partition": "part-0003.parquet",
        "rows": 7624,
        "wall_time_s": 0.4,
        "peak_rss_gb": 1.67
      },
      {
        "window_start": "2020-08-19",
        "partition": "part-0004.parquet",
        "rows": 7106,
        "wall_time_s": 0.4,
        "peak_rss_gb": 1.63
      },
      {
        "window_start": "2020-08-19",
        "partition": "part-0005.parquet",
        "rows": 6424,
        "wall_time_s": 0.3,
        "peak_rss_gb": 1.69
      },
      {
        "window_start": "2020-08-19",
        "partition": "part-0006.parquet",
        "rows": 6831,
        "wall_time_s": 0.4,
        "peak_rss_gb": 1.63
      },
      {
        "window_start": "2020-08-19",
        "partition": "part-0007.parquet",
        "rows": 6905,
        "wall_time_s": 0.3,
        "peak_rss_gb": 1.65
      },
      {
        "window_start": "2020-08-19",
        "partition": "part-0008.parquet",
        "rows": 7514,
        "wall_time_s": 0.4,
        "peak_rss_gb": 1.64
      },
      {
        "window_start": "2020-08-19",
        "partition": "part-0009.parquet",
        "rows": 6798,
        "wall_time_s": 0.4,
        "peak_rss_gb": 1.65
      },
      {
        "window_start": "2020-08-19",
        "partition": "part-0010.parquet",
        "rows": 7359,
        "wall_time_s": 0.4,
        "peak_rss_gb": 1.75
      },
      {
        "window_start": "2020-08-19",
        "partition": "part-0011.parquet",
        "rows": 6927,
        "wall_time_s": 0.4,
        "peak_rss_gb": 1.65
      },
      {
        "window_start": "2020-08-19",
        "partition": "part-0012.parquet",
        "rows": 7106,
        "wall_time_s": 0.3,
        "peak_rss_gb": 1.68
      },
      {
        "window_start": "2020-08-19",
        "partition": "part-0013.parquet",
        "rows": 7073,
        "wall_time_s": 0.4,
        "peak_rss_gb": 1.7
      },
      {
        "window_start": "2020-08-19",
        "partition": "part-0014.parquet",
        "rows": 6622,
        "wall_time_s": 0.4,
        "peak_rss_gb": 1.66
      },
      {
        "window_start": "2020-08-19",
        "partition": "part-0015.parquet",
        "rows": 7425,
        "wall_time_s": 0.4,
        "peak_rss_gb": 1.66
      },
      {
        "window_start": "2020-08-19",
        "partition": "part-0016.parquet",
        "rows": 6952,
        "wall_time_s": 0.4,
        "peak_rss_gb": 1.68
      },
      {
        "window_start": "2020-08-19",
        "partition": "part-0017.parquet",
        "rows": 6226,
        "wall_time_s": 0.3,
        "peak_rss_gb": 1.72
      },
      {
        "window_start": "2020-08-19",
        "partition": "part-0018.parquet",
        "rows": 6787,
        "wall_time_s": 0.4,
        "peak_rss_gb": 1.69
      },
      {
        "window_start": "2020-08-19",
        "partition": "part-0019.parquet",
        "rows": 7360,
        "wall_time_s": 0.4,
        "peak_rss_gb": 1.67
      },
      {
        "window_start": "2020-08-19",
        "partition": "part-0020.parquet",
        "rows": 7480,
        "wall_time_s": 0.4,
        "peak_rss_gb": 1.65
      },
      {
        "window_start": "2020-08-19",
        "partition": "part-0021.parquet",
        "rows": 7535,
        "wall_time_s": 0.3,
        "peak_rss_gb": 1.7
      },
      {
        "window_start": "2020-08-19",
        "partition": "part-0022.parquet",
        "rows": 6490,
        "wall_time_s": 0.3,
        "peak_rss_gb": 1.65
      },
      {
        "window_start": "2020-08-19",
        "partition": "part-0023.parquet",
        "rows": 6853,
        "wall_time_s": 0.4,
        "peak_rss_gb": 1.71
      },
      {
        "window_start": "2020-08-19",
        "partition": "part-0024.parquet",
        "rows": 7183,
        "wall_time_s": 0.4,
        "peak_rss_gb": 1.67
      },
      {
        "window_start": "2020-08-19",
        "partition": "part-0025.parquet",
        "rows": 7172,
        "wall_time_s": 0.4,
        "peak_rss_gb": 1.68
      },
      {
        "window_start": "2020-08-19",
        "partition": "part-0026.parquet",
        "rows": 7158,
        "wall_time_s": 0.4,
        "peak_rss_gb": 1.66
      },
      {
        "window_start": "2020-08-19",
        "partition": "part-0027.parquet",
        "rows": 6600,
        "wall_time_s": 0.4,
        "peak_rss_gb": 1.66
      },
      {
        "window_start": "2020-08-19",
        "partition": "part-0028.parquet",
        "rows": 7480,
        "wall_time_s": 0.4,
        "peak_rss_gb": 1.67
      },
      {
        "window_start": "2020-08-19",
        "partition": "part-0029.parquet",
        "rows": 6784,
        "wall_time_s": 0.4,
        "peak_rss_gb": 1.65
      },
      {
        "window_start": "2020-08-19",
        "partition": "part-0030.parquet",
        "rows": 7689,
        "wall_time_s": 0.3,
        "peak_rss_gb": 1.65
      },
      {
        "window_start": "2020-08-19",
        "partition": "part-0031.parquet",
        "rows": 7095,
        "wall_time_s": 0.4,
        "peak_rss_gb": 1.66
      },
      {
        "window_start": "2020-08-19",
        "partition": "part-0032.parquet",
        "rows": 7313,
        "wall_time_s": 0.3,
        "peak_rss_gb": 1.65
      },
      {
        "window_start": "2020-08-19",
        "partition": "part-0033.parquet",
        "rows": 6993,
        "wall_time_s": 0.4,
        "peak_rss_gb": 1.67
      },
      {
        "window_start": "2020-08-19",
        "partition": "part-0034.parquet",
        "rows": 2068,
        "wall_time_s": 0.1,
        "peak_rss_gb": 0.48
      },
      {
        "window_start": "2020-08-26",
        "partition": "part-0000.parquet",
        "rows": 8789,
        "wall_time_s": 0.4,
        "peak_rss_gb": 1.69
      },
      {
        "window_start": "2020-08-26",
        "partition": "part-0001.parquet",
        "rows": 7425,
        "wall_time_s": 0.4,
        "peak_rss_gb": 1.66
      },
      {
        "window_start": "2020-08-26",
        "partition": "part-0002.parquet",
        "rows": 7733,
        "wall_time_s": 0.4,
        "peak_rss_gb": 1.68
      },
      {
        "window_start": "2020-08-26",
        "partition": "part-0003.parquet",
        "rows": 8052,
        "wall_time_s": 0.4,
        "peak_rss_gb": 1.66
      },
      {
        "window_start": "2020-08-26",
        "partition": "part-0004.parquet",
        "rows": 7062,
        "wall_time_s": 0.4,
        "peak_rss_gb": 1.7
      },
      {
        "window_start": "2020-08-26",
        "partition": "part-0005.parquet",
        "rows": 7887,
        "wall_time_s": 0.4,
        "peak_rss_gb": 1.62
      },
      {
        "window_start": "2020-08-26",
        "partition": "part-0006.parquet",
        "rows": 8129,
        "wall_time_s": 0.4,
        "peak_rss_gb": 1.69
      },
      {
        "window_start": "2020-08-26",
        "partition": "part-0007.parquet",
        "rows": 7095,
        "wall_time_s": 0.4,
        "peak_rss_gb": 1.67
      },
      {
        "window_start": "2020-08-26",
        "partition": "part-0008.parquet",
        "rows": 7744,
        "wall_time_s": 0.4,
        "peak_rss_gb": 1.67
      },
      {
        "window_start": "2020-08-26",
        "partition": "part-0009.parquet",
        "rows": 7960,
        "wall_time_s": 0.4,
        "peak_rss_gb": 1.66
      },
      {
        "window_start": "2020-08-26",
        "partition": "part-0010.parquet",
        "rows": 7579,
        "wall_time_s": 0.4,
        "peak_rss_gb": 1.61
      },
      {
        "window_start": "2020-08-26",
        "partition": "part-0011.parquet",
        "rows": 7524,
        "wall_time_s": 0.4,
        "peak_rss_gb": 1.62
      },
      {
        "window_start": "2020-08-26",
        "partition": "part-0012.parquet",
        "rows": 7986,
        "wall_time_s": 0.4,
        "peak_rss_gb": 1.57
      },
      {
        "window_start": "2020-08-26",
        "partition": "part-0013.parquet",
        "rows": 7689,
        "wall_time_s": 0.4,
        "peak_rss_gb": 1.63
      },
      {
        "window_start": "2020-08-26",
        "partition": "part-0014.parquet",
        "rows": 7897,
        "wall_time_s": 0.4,
        "peak_rss_gb": 1.63
      },
      {
        "window_start": "2020-08-26",
        "partition": "part-0015.parquet",
        "rows": 8012,
        "wall_time_s": 0.4,
        "peak_rss_gb": 1.61
      },
      {
        "window_start": "2020-08-26",
        "partition": "part-0016.parquet",
        "rows": 7931,
        "wall_time_s": 0.4,
        "peak_rss_gb": 1.66
      },
      {
        "window_start": "2020-08-26",
        "partition": "part-0017.parquet",
        "rows": 7535,
        "wall_time_s": 0.4,
        "peak_rss_gb": 1.59
      },
      {
        "window_start": "2020-08-26",
        "partition": "part-0018.parquet",
        "rows": 7918,
        "wall_time_s": 0.5,
        "peak_rss_gb": 1.25
      },
      {
        "window_start": "2020-08-26",
        "partition": "part-0019.parquet",
        "rows": 8018,
        "wall_time_s": 0.4,
        "peak_rss_gb": 1.62
      },
      {
        "window_start": "2020-08-26",
        "partition": "part-0020.parquet",
        "rows": 7667,
        "wall_time_s": 0.4,
        "peak_rss_gb": 1.61
      },
      {
        "window_start": "2020-08-26",
        "partition": "part-0021.parquet",
        "rows": 8448,
        "wall_time_s": 0.4,
        "peak_rss_gb": 1.59
      },
      {
        "window_start": "2020-08-26",
        "partition": "part-0022.parquet",
        "rows": 7997,
        "wall_time_s": 0.4,
        "peak_rss_gb": 1.64
      },
      {
        "window_start": "2020-08-26",
        "partition": "part-0023.parquet",
        "rows": 7370,
        "wall_time_s": 0.4,
        "peak_rss_gb": 1.62
      },
      {
        "window_start": "2020-08-26",
        "partition": "part-0024.parquet",
        "rows": 8470,
        "wall_time_s": 0.4,
        "peak_rss_gb": 1.65
      },
      {
        "window_start": "2020-08-26",
        "partition": "part-0025.parquet",
        "rows": 8668,
        "wall_time_s": 0.4,
        "peak_rss_gb": 1.6
      },
      {
        "window_start": "2020-08-26",
        "partition": "part-0026.parquet",
        "rows": 7700,
        "wall_time_s": 0.4,
        "peak_rss_gb": 1.68
      },
      {
        "window_start": "2020-08-26",
        "partition": "part-0027.parquet",
        "rows": 7513,
        "wall_time_s": 0.4,
        "peak_rss_gb": 1.63
      },
      {
        "window_start": "2020-08-26",
        "partition": "part-0028.parquet",
        "rows": 8019,
        "wall_time_s": 0.4,
        "peak_rss_gb": 1.59
      },
      {
        "window_start": "2020-08-26",
        "partition": "part-0029.parquet",
        "rows": 7491,
        "wall_time_s": 0.4,
        "peak_rss_gb": 1.61
      },
      {
        "window_start": "2020-08-26",
        "partition": "part-0030.parquet",
        "rows": 7524,
        "wall_time_s": 0.4,
        "peak_rss_gb": 1.63
      },
      {
        "window_start": "2020-08-26",
        "partition": "part-0031.parquet",
        "rows": 7909,
        "wall_time_s": 0.4,
        "peak_rss_gb": 1.65
      },
      {
        "window_start": "2020-08-26",
        "partition": "part-0032.parquet",
        "rows": 7975,
        "wall_time_s": 0.4,
        "peak_rss_gb": 1.62
      },
      {
        "window_start": "2020-08-26",
        "partition": "part-0033.parquet",
        "rows": 7569,
        "wall_time_s": 0.4,
        "peak_rss_gb": 1.61
      },
      {
        "window_start": "2020-08-26",
        "partition": "part-0034.parquet",
        "rows": 2398,
        "wall_time_s": 0.2,
        "peak_rss_gb": 0.48
      },
      {
        "window_start": "2020-09-02",
        "partition": "part-0000.parquet",
        "rows": 7832,
        "wall_time_s": 0.4,
        "peak_rss_gb": 1.63
      },
      {
        "window_start": "2020-09-02",
        "partition": "part-0001.parquet",
        "rows": 6974,
        "wall_time_s": 0.4,
        "peak_rss_gb": 1.68
      },
      {
        "window_start": "2020-09-02",
        "partition": "part-0002.parquet",
        "rows": 7755,
        "wall_time_s": 0.4,
        "peak_rss_gb": 1.66
      },
      {
        "window_start": "2020-09-02",
        "partition": "part-0003.parquet",
        "rows": 7448,
        "wall_time_s": 0.4,
        "peak_rss_gb": 1.67
      },
      {
        "window_start": "2020-09-02",
        "partition": "part-0004.parquet",
        "rows": 7399,
        "wall_time_s": 0.4,
        "peak_rss_gb": 1.63
      },
      {
        "window_start": "2020-09-02",
        "partition": "part-0005.parquet",
        "rows": 7645,
        "wall_time_s": 0.4,
        "peak_rss_gb": 1.64
      },
      {
        "window_start": "2020-09-02",
        "partition": "part-0006.parquet",
        "rows": 7568,
        "wall_time_s": 0.4,
        "peak_rss_gb": 1.65
      },
      {
        "window_start": "2020-09-02",
        "partition": "part-0007.parquet",
        "rows": 7403,
        "wall_time_s": 0.4,
        "peak_rss_gb": 1.62
      },
      {
        "window_start": "2020-09-02",
        "partition": "part-0008.parquet",
        "rows": 7426,
        "wall_time_s": 0.4,
        "peak_rss_gb": 1.66
      },
      {
        "window_start": "2020-09-02",
        "partition": "part-0009.parquet",
        "rows": 7018,
        "wall_time_s": 0.4,
        "peak_rss_gb": 1.65
      },
      {
        "window_start": "2020-09-02",
        "partition": "part-0010.parquet",
        "rows": 6688,
        "wall_time_s": 0.4,
        "peak_rss_gb": 1.65
      },
      {
        "window_start": "2020-09-02",
        "partition": "part-0011.parquet",
        "rows": 7272,
        "wall_time_s": 0.4,
        "peak_rss_gb": 1.68
      },
      {
        "window_start": "2020-09-02",
        "partition": "part-0012.parquet",
        "rows": 6820,
        "wall_time_s": 0.4,
        "peak_rss_gb": 1.65
      },
      {
        "window_start": "2020-09-02",
        "partition": "part-0013.parquet",
        "rows": 7381,
        "wall_time_s": 0.4,
        "peak_rss_gb": 1.67
      },
      {
        "window_start": "2020-09-02",
        "partition": "part-0014.parquet",
        "rows": 7084,
        "wall_time_s": 0.4,
        "peak_rss_gb": 1.64
      },
      {
        "window_start": "2020-09-02",
        "partition": "part-0015.parquet",
        "rows": 7832,
        "wall_time_s": 0.4,
        "peak_rss_gb": 1.67
      },
      {
        "window_start": "2020-09-02",
        "partition": "part-0016.parquet",
        "rows": 7304,
        "wall_time_s": 0.4,
        "peak_rss_gb": 1.68
      },
      {
        "window_start": "2020-09-02",
        "partition": "part-0017.parquet",
        "rows": 7755,
        "wall_time_s": 0.4,
        "peak_rss_gb": 1.64
      },
      {
        "window_start": "2020-09-02",
        "partition": "part-0018.parquet",
        "rows": 8119,
        "wall_time_s": 0.4,
        "peak_rss_gb": 1.62
      },
      {
        "window_start": "2020-09-02",
        "partition": "part-0019.parquet",
        "rows": 7403,
        "wall_time_s": 0.4,
        "peak_rss_gb": 1.66
      },
      {
        "window_start": "2020-09-02",
        "partition": "part-0020.parquet",
        "rows": 8301,
        "wall_time_s": 0.4,
        "peak_rss_gb": 1.66
      },
      {
        "window_start": "2020-09-02",
        "partition": "part-0021.parquet",
        "rows": 7755,
        "wall_time_s": 0.4,
        "peak_rss_gb": 1.63
      },
      {
        "window_start": "2020-09-02",
        "partition": "part-0022.parquet",
        "rows": 7414,
        "wall_time_s": 0.4,
        "peak_rss_gb": 1.66
      },
      {
        "window_start": "2020-09-02",
        "partition": "part-0023.parquet",
        "rows": 7711,
        "wall_time_s": 0.4,
        "peak_rss_gb": 1.64
      },
      {
        "window_start": "2020-09-02",
        "partition": "part-0024.parquet",
        "rows": 6798,
        "wall_time_s": 0.4,
        "peak_rss_gb": 1.65
      },
      {
        "window_start": "2020-09-02",
        "partition": "part-0025.parquet",
        "rows": 8074,
        "wall_time_s": 0.4,
        "peak_rss_gb": 1.64
      },
      {
        "window_start": "2020-09-02",
        "partition": "part-0026.parquet",
        "rows": 7018,
        "wall_time_s": 0.4,
        "peak_rss_gb": 1.62
      },
      {
        "window_start": "2020-09-02",
        "partition": "part-0027.parquet",
        "rows": 7051,
        "wall_time_s": 0.4,
        "peak_rss_gb": 1.62
      },
      {
        "window_start": "2020-09-02",
        "partition": "part-0028.parquet",
        "rows": 7645,
        "wall_time_s": 0.4,
        "peak_rss_gb": 1.63
      },
      {
        "window_start": "2020-09-02",
        "partition": "part-0029.parquet",
        "rows": 6881,
        "wall_time_s": 0.4,
        "peak_rss_gb": 1.67
      },
      {
        "window_start": "2020-09-02",
        "partition": "part-0030.parquet",
        "rows": 6941,
        "wall_time_s": 0.4,
        "peak_rss_gb": 1.65
      },
      {
        "window_start": "2020-09-02",
        "partition": "part-0031.parquet",
        "rows": 7472,
        "wall_time_s": 0.4,
        "peak_rss_gb": 1.66
      },
      {
        "window_start": "2020-09-02",
        "partition": "part-0032.parquet",
        "rows": 7722,
        "wall_time_s": 0.4,
        "peak_rss_gb": 1.67
      },
      {
        "window_start": "2020-09-02",
        "partition": "part-0033.parquet",
        "rows": 7546,
        "wall_time_s": 0.4,
        "peak_rss_gb": 1.65
      },
      {
        "window_start": "2020-09-02",
        "partition": "part-0034.parquet",
        "rows": 2310,
        "wall_time_s": 0.2,
        "peak_rss_gb": 0.48
      },
      {
        "window_start": "2020-09-09",
        "partition": "part-0000.parquet",
        "rows": 7085,
        "wall_time_s": 0.4,
        "peak_rss_gb": 1.65
      },
      {
        "window_start": "2020-09-09",
        "partition": "part-0001.parquet",
        "rows": 7099,
        "wall_time_s": 0.4,
        "peak_rss_gb": 1.62
      },
      {
        "window_start": "2020-09-09",
        "partition": "part-0002.parquet",
        "rows": 6523,
        "wall_time_s": 0.4,
        "peak_rss_gb": 1.61
      },
      {
        "window_start": "2020-09-09",
        "partition": "part-0003.parquet",
        "rows": 6501,
        "wall_time_s": 0.4,
        "peak_rss_gb": 1.68
      },
      {
        "window_start": "2020-09-09",
        "partition": "part-0004.parquet",
        "rows": 6435,
        "wall_time_s": 0.4,
        "peak_rss_gb": 1.64
      },
      {
        "window_start": "2020-09-09",
        "partition": "part-0005.parquet",
        "rows": 6567,
        "wall_time_s": 0.4,
        "peak_rss_gb": 1.62
      },
      {
        "window_start": "2020-09-09",
        "partition": "part-0006.parquet",
        "rows": 7232,
        "wall_time_s": 0.4,
        "peak_rss_gb": 1.61
      },
      {
        "window_start": "2020-09-09",
        "partition": "part-0007.parquet",
        "rows": 6688,
        "wall_time_s": 0.4,
        "peak_rss_gb": 1.64
      },
      {
        "window_start": "2020-09-09",
        "partition": "part-0008.parquet",
        "rows": 6963,
        "wall_time_s": 0.4,
        "peak_rss_gb": 1.66
      },
      {
        "window_start": "2020-09-09",
        "partition": "part-0009.parquet",
        "rows": 6820,
        "wall_time_s": 0.4,
        "peak_rss_gb": 1.63
      },
      {
        "window_start": "2020-09-09",
        "partition": "part-0010.parquet",
        "rows": 6485,
        "wall_time_s": 0.4,
        "peak_rss_gb": 1.62
      },
      {
        "window_start": "2020-09-09",
        "partition": "part-0011.parquet",
        "rows": 7095,
        "wall_time_s": 0.4,
        "peak_rss_gb": 1.61
      },
      {
        "window_start": "2020-09-09",
        "partition": "part-0012.parquet",
        "rows": 7579,
        "wall_time_s": 0.4,
        "peak_rss_gb": 1.65
      },
      {
        "window_start": "2020-09-09",
        "partition": "part-0013.parquet",
        "rows": 6908,
        "wall_time_s": 0.4,
        "peak_rss_gb": 1.6
      },
      {
        "window_start": "2020-09-09",
        "partition": "part-0014.parquet",
        "rows": 6447,
        "wall_time_s": 0.4,
        "peak_rss_gb": 1.63
      },
      {
        "window_start": "2020-09-09",
        "partition": "part-0015.parquet",
        "rows": 6886,
        "wall_time_s": 0.4,
        "peak_rss_gb": 1.62
      },
      {
        "window_start": "2020-09-09",
        "partition": "part-0016.parquet",
        "rows": 7711,
        "wall_time_s": 0.4,
        "peak_rss_gb": 1.66
      },
      {
        "window_start": "2020-09-09",
        "partition": "part-0017.parquet",
        "rows": 7319,
        "wall_time_s": 0.4,
        "peak_rss_gb": 1.65
      },
      {
        "window_start": "2020-09-09",
        "partition": "part-0018.parquet",
        "rows": 6809,
        "wall_time_s": 0.4,
        "peak_rss_gb": 1.65
      },
      {
        "window_start": "2020-09-09",
        "partition": "part-0019.parquet",
        "rows": 7040,
        "wall_time_s": 0.4,
        "peak_rss_gb": 1.65
      },
      {
        "window_start": "2020-09-09",
        "partition": "part-0020.parquet",
        "rows": 6820,
        "wall_time_s": 0.4,
        "peak_rss_gb": 1.65
      },
      {
        "window_start": "2020-09-09",
        "partition": "part-0021.parquet",
        "rows": 6798,
        "wall_time_s": 0.4,
        "peak_rss_gb": 1.63
      },
      {
        "window_start": "2020-09-09",
        "partition": "part-0022.parquet",
        "rows": 6765,
        "wall_time_s": 0.4,
        "peak_rss_gb": 1.65
      },
      {
        "window_start": "2020-09-09",
        "partition": "part-0023.parquet",
        "rows": 6226,
        "wall_time_s": 0.4,
        "peak_rss_gb": 1.66
      },
      {
        "window_start": "2020-09-09",
        "partition": "part-0024.parquet",
        "rows": 6875,
        "wall_time_s": 0.4,
        "peak_rss_gb": 1.66
      },
      {
        "window_start": "2020-09-09",
        "partition": "part-0025.parquet",
        "rows": 7602,
        "wall_time_s": 0.4,
        "peak_rss_gb": 1.64
      },
      {
        "window_start": "2020-09-09",
        "partition": "part-0026.parquet",
        "rows": 7194,
        "wall_time_s": 0.4,
        "peak_rss_gb": 1.62
      },
      {
        "window_start": "2020-09-09",
        "partition": "part-0027.parquet",
        "rows": 6974,
        "wall_time_s": 0.4,
        "peak_rss_gb": 1.65
      },
      {
        "window_start": "2020-09-09",
        "partition": "part-0028.parquet",
        "rows": 6402,
        "wall_time_s": 0.4,
        "peak_rss_gb": 1.63
      },
      {
        "window_start": "2020-09-09",
        "partition": "part-0029.parquet",
        "rows": 7326,
        "wall_time_s": 0.4,
        "peak_rss_gb": 1.65
      },
      {
        "window_start": "2020-09-09",
        "partition": "part-0030.parquet",
        "rows": 6842,
        "wall_time_s": 0.4,
        "peak_rss_gb": 1.62
      },
      {
        "window_start": "2020-09-09",
        "partition": "part-0031.parquet",
        "rows": 7409,
        "wall_time_s": 0.4,
        "peak_rss_gb": 1.68
      },
      {
        "window_start": "2020-09-09",
        "partition": "part-0032.parquet",
        "rows": 6567,
        "wall_time_s": 0.4,
        "peak_rss_gb": 1.62
      },
      {
        "window_start": "2020-09-09",
        "partition": "part-0033.parquet",
        "rows": 6987,
        "wall_time_s": 0.4,
        "peak_rss_gb": 1.63
      },
      {
        "window_start": "2020-09-09",
        "partition": "part-0034.parquet",
        "rows": 1804,
        "wall_time_s": 0.2,
        "peak_rss_gb": 0.48
      }
    ],
    "feature_reports": [
      {
        "window_start": "2020-08-19",
        "rows": 242240,
        "positive_rate": 0.090984,
        "distinct_customers": 16849,
        "feature_column_count": 51,
        "wall_time_s": 5.5,
        "peak_rss_gb": 4.29
      },
      {
        "window_start": "2020-08-26",
        "rows": 268683,
        "positive_rate": 0.090936,
        "distinct_customers": 19207,
        "feature_column_count": 51,
        "wall_time_s": 5.3,
        "peak_rss_gb": 4.63
      },
      {
        "window_start": "2020-09-02",
        "rows": 254765,
        "positive_rate": 0.090966,
        "distinct_customers": 18100,
        "feature_column_count": 51,
        "wall_time_s": 5.4,
        "peak_rss_gb": 4.23
      },
      {
        "window_start": "2020-09-09",
        "rows": 236783,
        "positive_rate": 0.090965,
        "distinct_customers": 16702,
        "feature_column_count": 51,
        "wall_time_s": 5.0,
        "peak_rss_gb": 4.63
      }
    ]
  },
  "validation_features": {
    "window_start": "2020-09-16",
    "partitions": 35,
    "rows_written": 105365317,
    "wall_time_s": 497.2,
    "peak_rss_gb": 4.2,
    "peak_uss_gb": 4.07,
    "parent_peak_rss_gb": 4.22,
    "partition_peak_rss_gb": 3.42,
    "parent_phases": {
      "materialize_history": {
        "start_rss_gb": 1.98,
        "peak_rss_gb": 4.06,
        "end_rss_gb": 4.06,
        "wall_time_s": 0.7
      },
      "customer_features": {
        "start_rss_gb": 4.06,
        "peak_rss_gb": 4.22,
        "end_rss_gb": 2.99,
        "wall_time_s": 3.5
      },
      "article_features": {
        "start_rss_gb": 2.99,
        "peak_rss_gb": 3.58,
        "end_rss_gb": 3.37,
        "wall_time_s": 0.6
      },
      "customer_recent_text_mean": {
        "start_rss_gb": 3.37,
        "peak_rss_gb": 3.49,
        "end_rss_gb": 3.42,
        "wall_time_s": 5.7
      },
      "history_split": {
        "start_rss_gb": 3.83,
        "peak_rss_gb": 4.03,
        "end_rss_gb": 4.01,
        "wall_time_s": 4.0
      }
    },
    "partition_reports": [
      {
        "partition": "part-0000.parquet",
        "rows_written": 3074263,
        "wall_time_s": 3.2,
        "peak_rss_gb": 3.38,
        "peak_uss_gb": 3.31
      },
      {
        "partition": "part-0001.parquet",
        "rows_written": 3067146,
        "wall_time_s": 3.3,
        "peak_rss_gb": 3.32,
        "peak_uss_gb": 3.24
      },
      {
        "partition": "part-0002.parquet",
        "rows_written": 3073198,
        "wall_time_s": 3.2,
        "peak_rss_gb": 3.31,
        "peak_uss_gb": 3.23
      },
      {
        "partition": "part-0003.parquet",
        "rows_written": 3076010,
        "wall_time_s": 3.2,
        "peak_rss_gb": 3.26,
        "peak_uss_gb": 3.18
      },
      {
        "partition": "part-0004.parquet",
        "rows_written": 3069980,
        "wall_time_s": 3.0,
        "peak_rss_gb": 3.29,
        "peak_uss_gb": 3.22
      },
      {
        "partition": "part-0005.parquet",
        "rows_written": 3074759,
        "wall_time_s": 3.1,
        "peak_rss_gb": 3.3,
        "peak_uss_gb": 3.22
      },
      {
        "partition": "part-0006.parquet",
        "rows_written": 3081519,
        "wall_time_s": 3.1,
        "peak_rss_gb": 3.31,
        "peak_uss_gb": 3.23
      },
      {
        "partition": "part-0007.parquet",
        "rows_written": 3071233,
        "wall_time_s": 3.2,
        "peak_rss_gb": 3.29,
        "peak_uss_gb": 3.21
      },
      {
        "partition": "part-0008.parquet",
        "rows_written": 3067023,
        "wall_time_s": 3.2,
        "peak_rss_gb": 3.3,
        "peak_uss_gb": 3.22
      },
      {
        "partition": "part-0009.parquet",
        "rows_written": 3072255,
        "wall_time_s": 3.2,
        "peak_rss_gb": 3.35,
        "peak_uss_gb": 3.27
      },
      {
        "partition": "part-0010.parquet",
        "rows_written": 3073748,
        "wall_time_s": 3.2,
        "peak_rss_gb": 3.37,
        "peak_uss_gb": 3.3
      },
      {
        "partition": "part-0011.parquet",
        "rows_written": 3074622,
        "wall_time_s": 3.2,
        "peak_rss_gb": 3.32,
        "peak_uss_gb": 3.25
      },
      {
        "partition": "part-0012.parquet",
        "rows_written": 3068450,
        "wall_time_s": 3.1,
        "peak_rss_gb": 3.36,
        "peak_uss_gb": 3.25
      },
      {
        "partition": "part-0013.parquet",
        "rows_written": 3069269,
        "wall_time_s": 3.1,
        "peak_rss_gb": 3.42,
        "peak_uss_gb": 3.35
      },
      {
        "partition": "part-0014.parquet",
        "rows_written": 3068431,
        "wall_time_s": 3.2,
        "peak_rss_gb": 3.34,
        "peak_uss_gb": 3.26
      },
      {
        "partition": "part-0015.parquet",
        "rows_written": 3074231,
        "wall_time_s": 3.0,
        "peak_rss_gb": 3.25,
        "peak_uss_gb": 3.18
      },
      {
        "partition": "part-0016.parquet",
        "rows_written": 3072734,
        "wall_time_s": 3.1,
        "peak_rss_gb": 3.35,
        "peak_uss_gb": 3.28
      },
      {
        "partition": "part-0017.parquet",
        "rows_written": 3067121,
        "wall_time_s": 3.3,
        "peak_rss_gb": 3.33,
        "peak_uss_gb": 3.26
      },
      {
        "partition": "part-0018.parquet",
        "rows_written": 3074773,
        "wall_time_s": 3.2,
        "peak_rss_gb": 3.27,
        "peak_uss_gb": 3.2
      },
      {
        "partition": "part-0019.parquet",
        "rows_written": 3077696,
        "wall_time_s": 3.2,
        "peak_rss_gb": 3.34,
        "peak_uss_gb": 3.28
      },
      {
        "partition": "part-0020.parquet",
        "rows_written": 3073591,
        "wall_time_s": 3.2,
        "peak_rss_gb": 3.28,
        "peak_uss_gb": 3.2
      },
      {
        "partition": "part-0021.parquet",
        "rows_written": 3072373,
        "wall_time_s": 3.2,
        "peak_rss_gb": 3.4,
        "peak_uss_gb": 3.32
      },
      {
        "partition": "part-0022.parquet",
        "rows_written": 3064743,
        "wall_time_s": 3.2,
        "peak_rss_gb": 3.28,
        "peak_uss_gb": 3.21
      },
      {
        "partition": "part-0023.parquet",
        "rows_written": 3070829,
        "wall_time_s": 3.1,
        "peak_rss_gb": 3.26,
        "peak_uss_gb": 3.19
      },
      {
        "partition": "part-0024.parquet",
        "rows_written": 3076775,
        "wall_time_s": 3.3,
        "peak_rss_gb": 3.32,
        "peak_uss_gb": 3.25
      },
      {
        "partition": "part-0025.parquet",
        "rows_written": 3072770,
        "wall_time_s": 3.2,
        "peak_rss_gb": 3.34,
        "peak_uss_gb": 3.26
      },
      {
        "partition": "part-0026.parquet",
        "rows_written": 3073425,
        "wall_time_s": 3.2,
        "peak_rss_gb": 3.3,
        "peak_uss_gb": 3.23
      },
      {
        "partition": "part-0027.parquet",
        "rows_written": 3068061,
        "wall_time_s": 3.1,
        "peak_rss_gb": 3.34,
        "peak_uss_gb": 3.26
      },
      {
        "partition": "part-0028.parquet",
        "rows_written": 3068885,
        "wall_time_s": 3.3,
        "peak_rss_gb": 3.31,
        "peak_uss_gb": 3.23
      },
      {
        "partition": "part-0029.parquet",
        "rows_written": 3066236,
        "wall_time_s": 3.1,
        "peak_rss_gb": 3.28,
        "peak_uss_gb": 3.21
      },
      {
        "partition": "part-0030.parquet",
        "rows_written": 3067728,
        "wall_time_s": 3.2,
        "peak_rss_gb": 3.32,
        "peak_uss_gb": 3.25
      },
      {
        "partition": "part-0031.parquet",
        "rows_written": 3072571,
        "wall_time_s": 3.2,
        "peak_rss_gb": 3.35,
        "peak_uss_gb": 3.28
      },
      {
        "partition": "part-0032.parquet",
        "rows_written": 3070639,
        "wall_time_s": 3.1,
        "peak_rss_gb": 3.33,
        "peak_uss_gb": 3.27
      },
      {
        "partition": "part-0033.parquet",
        "rows_written": 3074638,
        "wall_time_s": 3.2,
        "peak_rss_gb": 3.34,
        "peak_uss_gb": 3.26
      },
      {
        "partition": "part-0034.parquet",
        "rows_written": 923592,
        "wall_time_s": 1.3,
        "peak_rss_gb": 2.4,
        "peak_uss_gb": 2.34
      }
    ]
  },
  "training": {
    "train_rows": 1002471,
    "wall_time_s": 95.7,
    "peak_rss_gb": 3.07,
    "mlflow_run_id": "19c81f799b744a769833de2c054363bf",
    "ranker_run_id": "0b49193fcf4a4a1e94a55bf1e55b5bb9",
    "classifier_run_id": "6b322c05c2324ac6a81a8a7d08362fa4",
    "calibrator_path": "data\\processed\\models\\calibrator.joblib",
    "ranker": {
      "run_id": "0b49193fcf4a4a1e94a55bf1e55b5bb9",
      "best_iteration": 207,
      "wall_time_s": 15.6
    },
    "classifier": {
      "run_id": "6b322c05c2324ac6a81a8a7d08362fa4",
      "best_iteration": 279,
      "wall_time_s": 14.8
    }
  },
  "scored_validation_candidates": {
    "total_rows": 105365317,
    "kept_rows": 42128310,
    "mean_raw_probability": 0.07233162959632124,
    "observed_positive_rate": 0.00020513391517628139,
    "positives": 21614,
    "wall_time_s": 750.4,
    "peak_rss_gb": 2.03,
    "partition_reports": [
      {
        "partition": "part-0000",
        "rows": 3074263,
        "kept_rows": 1214912,
        "sum_prob": 222401.166015625,
        "sum_label": 729,
        "wall_time_s": 16.2,
        "peak_rss_gb": 1.96
      },
      {
        "partition": "part-0001",
        "rows": 3067146,
        "kept_rows": 1220559,
        "sum_prob": 222035.9970703125,
        "sum_label": 613,
        "wall_time_s": 16.2,
        "peak_rss_gb": 1.99
      },
      {
        "partition": "part-0002",
        "rows": 3073198,
        "kept_rows": 1221275,
        "sum_prob": 222567.84912109375,
        "sum_label": 581,
        "wall_time_s": 16.2,
        "peak_rss_gb": 2.02
      },
      {
        "partition": "part-0003",
        "rows": 3076010,
        "kept_rows": 1233719,
        "sum_prob": 222269.7724609375,
        "sum_label": 620,
        "wall_time_s": 16.1,
        "peak_rss_gb": 1.97
      },
      {
        "partition": "part-0004",
        "rows": 3069980,
        "kept_rows": 1231870,
        "sum_prob": 222240.53515625,
        "sum_label": 656,
        "wall_time_s": 16.1,
        "peak_rss_gb": 1.98
      },
      {
        "partition": "part-0005",
        "rows": 3074759,
        "kept_rows": 1231776,
        "sum_prob": 222099.48974609375,
        "sum_label": 691,
        "wall_time_s": 16.5,
        "peak_rss_gb": 2.01
      },
      {
        "partition": "part-0006",
        "rows": 3081519,
        "kept_rows": 1233843,
        "sum_prob": 222753.0771484375,
        "sum_label": 649,
        "wall_time_s": 18.5,
        "peak_rss_gb": 2.03
      },
      {
        "partition": "part-0007",
        "rows": 3071233,
        "kept_rows": 1237108,
        "sum_prob": 222262.6630859375,
        "sum_label": 646,
        "wall_time_s": 17.9,
        "peak_rss_gb": 2.01
      },
      {
        "partition": "part-0008",
        "rows": 3067023,
        "kept_rows": 1211356,
        "sum_prob": 221793.71435546875,
        "sum_label": 558,
        "wall_time_s": 16.3,
        "peak_rss_gb": 2.0
      },
      {
        "partition": "part-0009",
        "rows": 3072255,
        "kept_rows": 1230502,
        "sum_prob": 222206.63623046875,
        "sum_label": 659,
        "wall_time_s": 16.2,
        "peak_rss_gb": 1.96
      },
      {
        "partition": "part-0010",
        "rows": 3073748,
        "kept_rows": 1234049,
        "sum_prob": 222113.85205078125,
        "sum_label": 658,
        "wall_time_s": 16.2,
        "peak_rss_gb": 2.03
      },
      {
        "partition": "part-0011",
        "rows": 3074622,
        "kept_rows": 1238284,
        "sum_prob": 222258.96533203125,
        "sum_label": 623,
        "wall_time_s": 16.1,
        "peak_rss_gb": 1.97
      },
      {
        "partition": "part-0012",
        "rows": 3068450,
        "kept_rows": 1221431,
        "sum_prob": 222015.77587890625,
        "sum_label": 679,
        "wall_time_s": 16.1,
        "peak_rss_gb": 1.97
      },
      {
        "partition": "part-0013",
        "rows": 3069269,
        "kept_rows": 1226433,
        "sum_prob": 222240.318359375,
        "sum_label": 613,
        "wall_time_s": 16.0,
        "peak_rss_gb": 2.01
      },
      {
        "partition": "part-0014",
        "rows": 3068431,
        "kept_rows": 1232428,
        "sum_prob": 222022.36572265625,
        "sum_label": 610,
        "wall_time_s": 16.1,
        "peak_rss_gb": 2.01
      },
      {
        "partition": "part-0015",
        "rows": 3074231,
        "kept_rows": 1228488,
        "sum_prob": 222521.01513671875,
        "sum_label": 555,
        "wall_time_s": 16.2,
        "peak_rss_gb": 2.03
      },
      {
        "partition": "part-0016",
        "rows": 3072734,
        "kept_rows": 1217428,
        "sum_prob": 222268.58056640625,
        "sum_label": 686,
        "wall_time_s": 16.1,
        "peak_rss_gb": 1.98
      },
      {
        "partition": "part-0017",
        "rows": 3067121,
        "kept_rows": 1225187,
        "sum_prob": 222253.072265625,
        "sum_label": 567,
        "wall_time_s": 16.1,
        "peak_rss_gb": 2.0
      },
      {
        "partition": "part-0018",
        "rows": 3074773,
        "kept_rows": 1222534,
        "sum_prob": 222187.33642578125,
        "sum_label": 599,
        "wall_time_s": 16.3,
        "peak_rss_gb": 2.0
      },
      {
        "partition": "part-0019",
        "rows": 3077696,
        "kept_rows": 1230495,
        "sum_prob": 222954.8212890625,
        "sum_label": 606,
        "wall_time_s": 16.2,
        "peak_rss_gb": 1.98
      },
      {
        "partition": "part-0020",
        "rows": 3073591,
        "kept_rows": 1224330,
        "sum_prob": 222463.41650390625,
        "sum_label": 636,
        "wall_time_s": 16.2,
        "peak_rss_gb": 2.0
      },
      {
        "partition": "part-0021",
        "rows": 3072373,
        "kept_rows": 1240439,
        "sum_prob": 222357.3974609375,
        "sum_label": 674,
        "wall_time_s": 16.6,
        "peak_rss_gb": 1.97
      },
      {
        "partition": "part-0022",
        "rows": 3064743,
        "kept_rows": 1227177,
        "sum_prob": 221927.30078125,
        "sum_label": 662,
        "wall_time_s": 16.1,
        "peak_rss_gb": 1.99
      },
      {
        "partition": "part-0023",
        "rows": 3070829,
        "kept_rows": 1215341,
        "sum_prob": 222240.47216796875,
        "sum_label": 627,
        "wall_time_s": 16.2,
        "peak_rss_gb": 1.98
      },
      {
        "partition": "part-0024",
        "rows": 3076775,
        "kept_rows": 1228465,
        "sum_prob": 222483.671875,
        "sum_label": 628,
        "wall_time_s": 16.5,
        "peak_rss_gb": 2.03
      },
      {
        "partition": "part-0025",
        "rows": 3072770,
        "kept_rows": 1230817,
        "sum_prob": 222098.6904296875,
        "sum_label": 630,
        "wall_time_s": 16.1,
        "peak_rss_gb": 1.98
      },
      {
        "partition": "part-0026",
        "rows": 3073425,
        "kept_rows": 1230008,
        "sum_prob": 222276.5185546875,
        "sum_label": 628,
        "wall_time_s": 16.1,
        "peak_rss_gb": 2.01
      },
      {
        "partition": "part-0027",
        "rows": 3068061,
        "kept_rows": 1228128,
        "sum_prob": 221516.19580078125,
        "sum_label": 621,
        "wall_time_s": 16.3,
        "peak_rss_gb": 1.99
      },
      {
        "partition": "part-0028",
        "rows": 3068885,
        "kept_rows": 1221776,
        "sum_prob": 221682.3623046875,
        "sum_label": 616,
        "wall_time_s": 16.1,
        "peak_rss_gb": 1.98
      },
      {
        "partition": "part-0029",
        "rows": 3066236,
        "kept_rows": 1226297,
        "sum_prob": 221534.189453125,
        "sum_label": 581,
        "wall_time_s": 16.3,
        "peak_rss_gb": 1.96
      },
      {
        "partition": "part-0030",
        "rows": 3067728,
        "kept_rows": 1240032,
        "sum_prob": 222083.57275390625,
        "sum_label": 661,
        "wall_time_s": 16.3,
        "peak_rss_gb": 2.01
      },
      {
        "partition": "part-0031",
        "rows": 3072571,
        "kept_rows": 1236782,
        "sum_prob": 222101.326171875,
        "sum_label": 648,
        "wall_time_s": 16.4,
        "peak_rss_gb": 1.99
      },
      {
        "partition": "part-0032",
        "rows": 3070639,
        "kept_rows": 1233519,
        "sum_prob": 222021.0419921875,
        "sum_label": 615,
        "wall_time_s": 16.1,
        "peak_rss_gb": 1.99
      },
      {
        "partition": "part-0033",
        "rows": 3074638,
        "kept_rows": 1226452,
        "sum_prob": 222199.72265625,
        "sum_label": 615,
        "wall_time_s": 16.2,
        "peak_rss_gb": 2.0
      },
      {
        "partition": "part-0034",
        "rows": 923592,
        "kept_rows": 375070,
        "sum_prob": 66792.19921875,
        "sum_label": 174,
        "wall_time_s": 9.0,
        "peak_rss_gb": 1.65
      }
    ]
  },
  "calibration": {
    "fit_rows": 21052210,
    "eval_rows": 21076100,
    "mean_raw_probability_full_pool": 0.07233162959632124,
    "observed_positive_rate_full_pool": 0.00020513391517628139,
    "eval_base_rate": 0.00019818657151939874,
    "raw_brier": 0.011997194960713387,
    "calibrated_brier": 0.0001977429201360792,
    "constant_brier": 0.00019814729360226812,
    "raw_brier_skill_score": -59.54685250859292,
    "calibrated_brier_skill_score": 0.002040772088467868,
    "reliability_table": [
      {
        "bin": 0,
        "n": 2107610,
        "predicted_mean": 0.0,
        "observed_rate": 0.0
      },
      {
        "bin": 1,
        "n": 2107610,
        "predicted_mean": 1.5395212358271237e-06,
        "observed_rate": 9.489421667196492e-07
      },
      {
        "bin": 2,
        "n": 2107610,
        "predicted_mean": 9.096026587940287e-06,
        "observed_rate": 1.3759661417434914e-05
      },
      {
        "bin": 3,
        "n": 2107610,
        "predicted_mean": 4.855593215324916e-05,
        "observed_rate": 4.649816616926281e-05
      },
      {
        "bin": 4,
        "n": 2107610,
        "predicted_mean": 0.00010598845256026834,
        "observed_rate": 9.726657208876406e-05
      },
      {
        "bin": 5,
        "n": 2107610,
        "predicted_mean": 0.0001447138492949307,
        "observed_rate": 0.00012573483709035354
      },
      {
        "bin": 6,
        "n": 2107610,
        "predicted_mean": 0.00015586832887493074,
        "observed_rate": 0.00014708603584154563
      },
      {
        "bin": 7,
        "n": 2107610,
        "predicted_mean": 0.00020872516324743629,
        "observed_rate": 0.0002196801115955988
      },
      {
        "bin": 8,
        "n": 2107610,
        "predicted_mean": 0.00028747422038577497,
        "observed_rate": 0.0002642803934314223
      },
      {
        "bin": 9,
        "n": 2107610,
        "predicted_mean": 0.0011394430184736848,
        "observed_rate": 0.0010666109953928857
      }
    ],
    "classifier_run_id": "6b322c05c2324ac6a81a8a7d08362fa4"
  },
  "ranker_scores": {
    "total_rows_scored": 105365317,
    "total_customers": 1371980,
    "wall_time_s": 668.6,
    "peak_rss_gb": 1.59,
    "partition_reports": [
      {
        "partition": "part-0000",
        "rows_scored": 3074263,
        "customers": 40000,
        "wall_time_s": 14.7,
        "peak_rss_gb": 1.53
      },
      {
        "partition": "part-0001",
        "rows_scored": 3067146,
        "customers": 40000,
        "wall_time_s": 14.6,
        "peak_rss_gb": 1.54
      },
      {
        "partition": "part-0002",
        "rows_scored": 3073198,
        "customers": 40000,
        "wall_time_s": 14.6,
        "peak_rss_gb": 1.47
      },
      {
        "partition": "part-0003",
        "rows_scored": 3076010,
        "customers": 40000,
        "wall_time_s": 14.5,
        "peak_rss_gb": 1.51
      },
      {
        "partition": "part-0004",
        "rows_scored": 3069980,
        "customers": 40000,
        "wall_time_s": 14.5,
        "peak_rss_gb": 1.54
      },
      {
        "partition": "part-0005",
        "rows_scored": 3074759,
        "customers": 40000,
        "wall_time_s": 14.5,
        "peak_rss_gb": 1.51
      },
      {
        "partition": "part-0006",
        "rows_scored": 3081519,
        "customers": 40000,
        "wall_time_s": 14.6,
        "peak_rss_gb": 1.59
      },
      {
        "partition": "part-0007",
        "rows_scored": 3071233,
        "customers": 40000,
        "wall_time_s": 14.4,
        "peak_rss_gb": 1.49
      },
      {
        "partition": "part-0008",
        "rows_scored": 3067023,
        "customers": 40000,
        "wall_time_s": 14.9,
        "peak_rss_gb": 1.5
      },
      {
        "partition": "part-0009",
        "rows_scored": 3072255,
        "customers": 40000,
        "wall_time_s": 14.6,
        "peak_rss_gb": 1.49
      },
      {
        "partition": "part-0010",
        "rows_scored": 3073748,
        "customers": 40000,
        "wall_time_s": 14.5,
        "peak_rss_gb": 1.49
      },
      {
        "partition": "part-0011",
        "rows_scored": 3074622,
        "customers": 40000,
        "wall_time_s": 14.5,
        "peak_rss_gb": 1.5
      },
      {
        "partition": "part-0012",
        "rows_scored": 3068450,
        "customers": 40000,
        "wall_time_s": 14.4,
        "peak_rss_gb": 1.47
      },
      {
        "partition": "part-0013",
        "rows_scored": 3069269,
        "customers": 40000,
        "wall_time_s": 14.4,
        "peak_rss_gb": 1.49
      },
      {
        "partition": "part-0014",
        "rows_scored": 3068431,
        "customers": 40000,
        "wall_time_s": 14.4,
        "peak_rss_gb": 1.48
      },
      {
        "partition": "part-0015",
        "rows_scored": 3074231,
        "customers": 40000,
        "wall_time_s": 14.7,
        "peak_rss_gb": 1.57
      },
      {
        "partition": "part-0016",
        "rows_scored": 3072734,
        "customers": 40000,
        "wall_time_s": 14.4,
        "peak_rss_gb": 1.49
      },
      {
        "partition": "part-0017",
        "rows_scored": 3067121,
        "customers": 40000,
        "wall_time_s": 14.5,
        "peak_rss_gb": 1.48
      },
      {
        "partition": "part-0018",
        "rows_scored": 3074773,
        "customers": 40000,
        "wall_time_s": 14.8,
        "peak_rss_gb": 1.51
      },
      {
        "partition": "part-0019",
        "rows_scored": 3077696,
        "customers": 40000,
        "wall_time_s": 14.4,
        "peak_rss_gb": 1.49
      },
      {
        "partition": "part-0020",
        "rows_scored": 3073591,
        "customers": 40000,
        "wall_time_s": 14.2,
        "peak_rss_gb": 1.52
      },
      {
        "partition": "part-0021",
        "rows_scored": 3072373,
        "customers": 40000,
        "wall_time_s": 14.5,
        "peak_rss_gb": 1.48
      },
      {
        "partition": "part-0022",
        "rows_scored": 3064743,
        "customers": 40000,
        "wall_time_s": 14.3,
        "peak_rss_gb": 1.51
      },
      {
        "partition": "part-0023",
        "rows_scored": 3070829,
        "customers": 40000,
        "wall_time_s": 14.3,
        "peak_rss_gb": 1.51
      },
      {
        "partition": "part-0024",
        "rows_scored": 3076775,
        "customers": 40000,
        "wall_time_s": 14.3,
        "peak_rss_gb": 1.49
      },
      {
        "partition": "part-0025",
        "rows_scored": 3072770,
        "customers": 40000,
        "wall_time_s": 14.7,
        "peak_rss_gb": 1.53
      },
      {
        "partition": "part-0026",
        "rows_scored": 3073425,
        "customers": 40000,
        "wall_time_s": 14.3,
        "peak_rss_gb": 1.53
      },
      {
        "partition": "part-0027",
        "rows_scored": 3068061,
        "customers": 40000,
        "wall_time_s": 14.2,
        "peak_rss_gb": 1.52
      },
      {
        "partition": "part-0028",
        "rows_scored": 3068885,
        "customers": 40000,
        "wall_time_s": 14.7,
        "peak_rss_gb": 1.51
      },
      {
        "partition": "part-0029",
        "rows_scored": 3066236,
        "customers": 40000,
        "wall_time_s": 14.5,
        "peak_rss_gb": 1.48
      },
      {
        "partition": "part-0030",
        "rows_scored": 3067728,
        "customers": 40000,
        "wall_time_s": 14.2,
        "peak_rss_gb": 1.49
      },
      {
        "partition": "part-0031",
        "rows_scored": 3072571,
        "customers": 40000,
        "wall_time_s": 13.3,
        "peak_rss_gb": 1.51
      },
      {
        "partition": "part-0032",
        "rows_scored": 3070639,
        "customers": 40000,
        "wall_time_s": 13.5,
        "peak_rss_gb": 1.53
      },
      {
        "partition": "part-0033",
        "rows_scored": 3074638,
        "customers": 40000,
        "wall_time_s": 13.2,
        "peak_rss_gb": 1.49
      },
      {
        "partition": "part-0034",
        "rows_scored": 923592,
        "customers": 11980,
        "wall_time_s": 7.5,
        "peak_rss_gb": 1.37
      }
    ]
  },
  "map12": {
    "window_start": "2020-09-16",
    "window_end": "2020-09-22",
    "orderings": {
      "ranker": {
        "map_at_12": 0.03529456223764617,
        "customers_scored": 68984
      },
      "recent_popularity": {
        "map_at_12": 0.008747681312782597,
        "customers_scored": 68984
      },
      "candidate_pool_order": {
        "map_at_12": 0.013459241090829183,
        "customers_scored": 68984
      },
      "oracle": {
        "map_at_12": 0.12030902056632661,
        "customers_scored": 68984
      }
    },
    "ranker_ratio_vs": {
      "recent_popularity": 4.03473343114041,
      "candidate_pool_order": 2.6223292977265316,
      "oracle": 0.29336588454884976
    },
    "ranker_map_at_12_by_recency_bucket": [
      {
        "recency_bucket": "last 1 week",
        "purchasers": 12670,
        "map_at_12": 0.10035336228503806
      },
      {
        "recency_bucket": "last 12 weeks",
        "purchasers": 18124,
        "map_at_12": 0.017624549371158652
      },
      {
        "recency_bucket": "last 4 weeks",
        "purchasers": 18425,
        "map_at_12": 0.030060529057994077
      },
      {
        "recency_bucket": "last 52 weeks",
        "purchasers": 12077,
        "map_at_12": 0.017991793878727184
      },
      {
        "recency_bucket": "more than 52 weeks ago",
        "purchasers": 2116,
        "map_at_12": 0.010752628470188558
      },
      {
        "recency_bucket": "never",
        "purchasers": 5572,
        "map_at_12": 0.008964634608331702
      }
    ],
    "wall_time_s": 14.9,
    "peak_rss_gb": 4.44
  }
}
01:13:38.979 | INFO    | prefect - Stopping temporary server on http://127.0.0.1:8817
